2026-08-13 00:44:38,497 - INFO - Environment variables and system configurations loaded successfully.
2026-08-13 00:44:39,845 - INFO - Database connection established successfully.
2026-08-17 08:35:55,770 - INFO - Environment variables and system configurations loaded successfully.
2026-08-17 08:35:56,009 - INFO - Database connection established successfully.
2026-08-17 08:35:56,021 - ERROR - Crash Detected - Syntax error in the SQL statement. Review the query string format. [Code: 2002]
Traceback (most recent call last):
  File "e:\GitHub\Movie_Rental_Analytics_System\data_access\transaction_guards.py", line 22, in wrapper
    return ResponseHandler.ok(func(*args, **kwargs))
                              ~~~~^^^^^^^^^^^^^^^^^
  File "e:\GitHub\Movie_Rental_Analytics_System\data_access\mysql_client.py", line 51, in fetch_all
    cursor.execute(query, formatted_params)
    ~~~~~~~~~~~~~~^^^^^^^^^^^^^^^^^^^^^^^^^
  File "C:\Users\hp\AppData\Roaming\Python\Python314\site-packages\mysql\connector\cursor.py", line 416, in execute
    self._connection.cmd_query(
    ~~~~~~~~~~~~~~~~~~~~~~~~~~^
        self._stmt_partition["mappable_stmt"],
        ^^^^^^^^^^^^^^^^^^^^^^^^^^^^^^^^^^^^^^
        read_timeout=self._read_timeout,
        ^^^^^^^^^^^^^^^^^^^^^^^^^^^^^^^^
        write_timeout=self._write_timeout,
        ^^^^^^^^^^^^^^^^^^^^^^^^^^^^^^^^^^
    )
    ^
  File "C:\Users\hp\AppData\Roaming\Python\Python314\site-packages\mysql\connector\opentelemetry\context_propagation.py", line 97, in wrapper
    return method(cnx, *args, **kwargs)
  File "C:\Users\hp\AppData\Roaming\Python\Python314\site-packages\mysql\connector\_decorating.py", line 89, in handle_cnx_method
    raise err
  File "C:\Users\hp\AppData\Roaming\Python\Python314\site-packages\mysql\connector\_decorating.py", line 85, in handle_cnx_method
    return cnx_method(cnx, *args, **kwargs)
  File "C:\Users\hp\AppData\Roaming\Python\Python314\site-packages\mysql\connector\connection.py", line 984, in cmd_query
    result = self._handle_result(
        self._send_cmd(
    ...<6 lines>...
        write_timeout,
    )
  File "C:\Users\hp\AppData\Roaming\Python\Python314\site-packages\mysql\connector\_decorating.py", line 89, in handle_cnx_method
    raise err
  File "C:\Users\hp\AppData\Roaming\Python\Python314\site-packages\mysql\connector\_decorating.py", line 85, in handle_cnx_method
    return cnx_method(cnx, *args, **kwargs)
  File "C:\Users\hp\AppData\Roaming\Python\Python314\site-packages\mysql\connector\connection.py", line 745, in _handle_result
    raise get_exception(packet)
mysql.connector.errors.ProgrammingError: 1064 (42000): You have an error in your SQL syntax; check the manual that corresponds to your MySQL server version for the right syntax to use near '"
        WITH financial_rentals AS (
            SELECT
                p.amoun' at line 1
2026-08-17 08:38:24,502 - INFO - Environment variables and system configurations loaded successfully.
2026-08-17 08:38:24,974 - INFO - Database connection established successfully.
2026-08-17 08:38:24,979 - ERROR - Crash Detected - Syntax error in the SQL statement. Review the query string format. [Code: 2002]
Traceback (most recent call last):
  File "e:\GitHub\Movie_Rental_Analytics_System\data_access\transaction_guards.py", line 22, in wrapper
    return ResponseHandler.ok(func(*args, **kwargs))
                              ~~~~^^^^^^^^^^^^^^^^^
  File "e:\GitHub\Movie_Rental_Analytics_System\data_access\mysql_client.py", line 51, in fetch_all
    cursor.execute(query, formatted_params)
    ~~~~~~~~~~~~~~^^^^^^^^^^^^^^^^^^^^^^^^^
  File "C:\Users\hp\AppData\Roaming\Python\Python314\site-packages\mysql\connector\cursor.py", line 416, in execute
    self._connection.cmd_query(
    ~~~~~~~~~~~~~~~~~~~~~~~~~~^
        self._stmt_partition["mappable_stmt"],
        ^^^^^^^^^^^^^^^^^^^^^^^^^^^^^^^^^^^^^^
        read_timeout=self._read_timeout,
        ^^^^^^^^^^^^^^^^^^^^^^^^^^^^^^^^
        write_timeout=self._write_timeout,
        ^^^^^^^^^^^^^^^^^^^^^^^^^^^^^^^^^^
    )
    ^
  File "C:\Users\hp\AppData\Roaming\Python\Python314\site-packages\mysql\connector\opentelemetry\context_propagation.py", line 97, in wrapper
    return method(cnx, *args, **kwargs)
  File "C:\Users\hp\AppData\Roaming\Python\Python314\site-packages\mysql\connector\_decorating.py", line 89, in handle_cnx_method
    raise err
  File "C:\Users\hp\AppData\Roaming\Python\Python314\site-packages\mysql\connector\_decorating.py", line 85, in handle_cnx_method
    return cnx_method(cnx, *args, **kwargs)
  File "C:\Users\hp\AppData\Roaming\Python\Python314\site-packages\mysql\connector\connection.py", line 984, in cmd_query
    result = self._handle_result(
        self._send_cmd(
    ...<6 lines>...
        write_timeout,
    )
  File "C:\Users\hp\AppData\Roaming\Python\Python314\site-packages\mysql\connector\_decorating.py", line 89, in handle_cnx_method
    raise err
  File "C:\Users\hp\AppData\Roaming\Python\Python314\site-packages\mysql\connector\_decorating.py", line 85, in handle_cnx_method
    return cnx_method(cnx, *args, **kwargs)
  File "C:\Users\hp\AppData\Roaming\Python\Python314\site-packages\mysql\connector\connection.py", line 745, in _handle_result
    raise get_exception(packet)
mysql.connector.errors.ProgrammingError: 1064 (42000): You have an error in your SQL syntax; check the manual that corresponds to your MySQL server version for the right syntax to use near '%s IS NULL OR %s IS NULL)
                OR
                (p.payment_date BET' at line 10
2026-08-17 08:38:35,524 - INFO - Environment variables and system configurations loaded successfully.
2026-08-17 08:38:35,906 - INFO - Database connection established successfully.
2026-08-17 08:38:35,908 - ERROR - Crash Detected - Syntax error in the SQL statement. Review the query string format. [Code: 2002]
Traceback (most recent call last):
  File "e:\GitHub\Movie_Rental_Analytics_System\data_access\transaction_guards.py", line 22, in wrapper
    return ResponseHandler.ok(func(*args, **kwargs))
                              ~~~~^^^^^^^^^^^^^^^^^
  File "e:\GitHub\Movie_Rental_Analytics_System\data_access\mysql_client.py", line 51, in fetch_all
    cursor.execute(query, formatted_params)
    ~~~~~~~~~~~~~~^^^^^^^^^^^^^^^^^^^^^^^^^
  File "C:\Users\hp\AppData\Roaming\Python\Python314\site-packages\mysql\connector\cursor.py", line 416, in execute
    self._connection.cmd_query(
    ~~~~~~~~~~~~~~~~~~~~~~~~~~^
        self._stmt_partition["mappable_stmt"],
        ^^^^^^^^^^^^^^^^^^^^^^^^^^^^^^^^^^^^^^
        read_timeout=self._read_timeout,
        ^^^^^^^^^^^^^^^^^^^^^^^^^^^^^^^^
        write_timeout=self._write_timeout,
        ^^^^^^^^^^^^^^^^^^^^^^^^^^^^^^^^^^
    )
    ^
  File "C:\Users\hp\AppData\Roaming\Python\Python314\site-packages\mysql\connector\opentelemetry\context_propagation.py", line 97, in wrapper
    return method(cnx, *args, **kwargs)
  File "C:\Users\hp\AppData\Roaming\Python\Python314\site-packages\mysql\connector\_decorating.py", line 89, in handle_cnx_method
    raise err
  File "C:\Users\hp\AppData\Roaming\Python\Python314\site-packages\mysql\connector\_decorating.py", line 85, in handle_cnx_method
    return cnx_method(cnx, *args, **kwargs)
  File "C:\Users\hp\AppData\Roaming\Python\Python314\site-packages\mysql\connector\connection.py", line 984, in cmd_query
    result = self._handle_result(
        self._send_cmd(
    ...<6 lines>...
        write_timeout,
    )
  File "C:\Users\hp\AppData\Roaming\Python\Python314\site-packages\mysql\connector\_decorating.py", line 89, in handle_cnx_method
    raise err
  File "C:\Users\hp\AppData\Roaming\Python\Python314\site-packages\mysql\connector\_decorating.py", line 85, in handle_cnx_method
    return cnx_method(cnx, *args, **kwargs)
  File "C:\Users\hp\AppData\Roaming\Python\Python314\site-packages\mysql\connector\connection.py", line 745, in _handle_result
    raise get_exception(packet)
mysql.connector.errors.ProgrammingError: 1064 (42000): You have an error in your SQL syntax; check the manual that corresponds to your MySQL server version for the right syntax to use near '%s IS NULL OR %s IS NULL)
                OR
                (p.payment_date BET' at line 10
2026-08-17 08:47:53,529 - INFO - Environment variables and system configurations loaded successfully.
2026-08-17 08:47:53,943 - INFO - Database connection established successfully.
2026-08-17 08:47:53,972 - ERROR - Crash Detected - Syntax error in the SQL statement. Review the query string format. [Code: 2002]
Traceback (most recent call last):
  File "e:\GitHub\Movie_Rental_Analytics_System\data_access\transaction_guards.py", line 22, in wrapper
    return ResponseHandler.ok(func(*args, **kwargs))
                              ~~~~^^^^^^^^^^^^^^^^^
  File "e:\GitHub\Movie_Rental_Analytics_System\data_access\mysql_client.py", line 51, in fetch_all
    cursor.execute(query, formatted_params)
    ~~~~~~~~~~~~~~^^^^^^^^^^^^^^^^^^^^^^^^^
  File "C:\Users\hp\AppData\Roaming\Python\Python314\site-packages\mysql\connector\cursor.py", line 416, in execute
    self._connection.cmd_query(
    ~~~~~~~~~~~~~~~~~~~~~~~~~~^
        self._stmt_partition["mappable_stmt"],
        ^^^^^^^^^^^^^^^^^^^^^^^^^^^^^^^^^^^^^^
        read_timeout=self._read_timeout,
        ^^^^^^^^^^^^^^^^^^^^^^^^^^^^^^^^
        write_timeout=self._write_timeout,
        ^^^^^^^^^^^^^^^^^^^^^^^^^^^^^^^^^^
    )
    ^
  File "C:\Users\hp\AppData\Roaming\Python\Python314\site-packages\mysql\connector\opentelemetry\context_propagation.py", line 97, in wrapper
    return method(cnx, *args, **kwargs)
  File "C:\Users\hp\AppData\Roaming\Python\Python314\site-packages\mysql\connector\_decorating.py", line 89, in handle_cnx_method
    raise err
  File "C:\Users\hp\AppData\Roaming\Python\Python314\site-packages\mysql\connector\_decorating.py", line 85, in handle_cnx_method
    return cnx_method(cnx, *args, **kwargs)
  File "C:\Users\hp\AppData\Roaming\Python\Python314\site-packages\mysql\connector\connection.py", line 984, in cmd_query
    result = self._handle_result(
        self._send_cmd(
    ...<6 lines>...
        write_timeout,
    )
  File "C:\Users\hp\AppData\Roaming\Python\Python314\site-packages\mysql\connector\_decorating.py", line 89, in handle_cnx_method
    raise err
  File "C:\Users\hp\AppData\Roaming\Python\Python314\site-packages\mysql\connector\_decorating.py", line 85, in handle_cnx_method
    return cnx_method(cnx, *args, **kwargs)
  File "C:\Users\hp\AppData\Roaming\Python\Python314\site-packages\mysql\connector\connection.py", line 745, in _handle_result
    raise get_exception(packet)
mysql.connector.errors.ProgrammingError: 1064 (42000): You have an error in your SQL syntax; check the manual that corresponds to your MySQL server version for the right syntax to use near '%s, p.payment_date) AND COALESCE(%s, p.payment_date)

        )
        SELECT
 ' at line 10
2026-08-17 08:49:22,781 - INFO - Environment variables and system configurations loaded successfully.
2026-08-17 08:49:23,116 - INFO - Database connection established successfully.
2026-08-17 08:49:23,120 - ERROR - Crash Detected - Syntax error in the SQL statement. Review the query string format. [Code: 2002]
Traceback (most recent call last):
  File "e:\GitHub\Movie_Rental_Analytics_System\data_access\transaction_guards.py", line 22, in wrapper
    return ResponseHandler.ok(func(*args, **kwargs))
                              ~~~~^^^^^^^^^^^^^^^^^
  File "e:\GitHub\Movie_Rental_Analytics_System\data_access\mysql_client.py", line 51, in fetch_all
    cursor.execute(query, formatted_params)
    ~~~~~~~~~~~~~~^^^^^^^^^^^^^^^^^^^^^^^^^
  File "C:\Users\hp\AppData\Roaming\Python\Python314\site-packages\mysql\connector\cursor.py", line 416, in execute
    self._connection.cmd_query(
    ~~~~~~~~~~~~~~~~~~~~~~~~~~^
        self._stmt_partition["mappable_stmt"],
        ^^^^^^^^^^^^^^^^^^^^^^^^^^^^^^^^^^^^^^
        read_timeout=self._read_timeout,
        ^^^^^^^^^^^^^^^^^^^^^^^^^^^^^^^^
        write_timeout=self._write_timeout,
        ^^^^^^^^^^^^^^^^^^^^^^^^^^^^^^^^^^
    )
    ^
  File "C:\Users\hp\AppData\Roaming\Python\Python314\site-packages\mysql\connector\opentelemetry\context_propagation.py", line 97, in wrapper
    return method(cnx, *args, **kwargs)
  File "C:\Users\hp\AppData\Roaming\Python\Python314\site-packages\mysql\connector\_decorating.py", line 89, in handle_cnx_method
    raise err
  File "C:\Users\hp\AppData\Roaming\Python\Python314\site-packages\mysql\connector\_decorating.py", line 85, in handle_cnx_method
    return cnx_method(cnx, *args, **kwargs)
  File "C:\Users\hp\AppData\Roaming\Python\Python314\site-packages\mysql\connector\connection.py", line 984, in cmd_query
    result = self._handle_result(
        self._send_cmd(
    ...<6 lines>...
        write_timeout,
    )
  File "C:\Users\hp\AppData\Roaming\Python\Python314\site-packages\mysql\connector\_decorating.py", line 89, in handle_cnx_method
    raise err
  File "C:\Users\hp\AppData\Roaming\Python\Python314\site-packages\mysql\connector\_decorating.py", line 85, in handle_cnx_method
    return cnx_method(cnx, *args, **kwargs)
  File "C:\Users\hp\AppData\Roaming\Python\Python314\site-packages\mysql\connector\connection.py", line 745, in _handle_result
    raise get_exception(packet)
mysql.connector.errors.ProgrammingError: 1064 (42000): You have an error in your SQL syntax; check the manual that corresponds to your MySQL server version for the right syntax to use near '%s, p.payment_date) AND COALESCE(%s, p.payment_date)
)
SELECT
    COALESCE(SUM(a' at line 11
2026-08-17 08:57:28,677 - INFO - Environment variables and system configurations loaded successfully.
2026-08-17 08:57:30,005 - INFO - Database connection established successfully.
2026-08-18 06:06:58,591 - INFO - Environment variables and system configurations loaded successfully.
2026-08-18 06:06:59,143 - INFO - Database connection established successfully.
2026-08-18 06:08:19,806 - INFO - Environment variables and system configurations loaded successfully.
2026-08-18 06:08:20,185 - INFO - Database connection established successfully.
2026-08-18 06:08:20,254 - ERROR - Crash Detected - Syntax error in the SQL statement. Review the query string format. [Code: 2002]
Traceback (most recent call last):
  File "e:\GitHub\Movie_Rental_Analytics_System\data_access\transaction_guards.py", line 22, in wrapper
    return ResponseHandler.ok(func(*args, **kwargs))
                              ~~~~^^^^^^^^^^^^^^^^^
  File "e:\GitHub\Movie_Rental_Analytics_System\data_access\mysql_client.py", line 51, in fetch_all
    cursor.execute(query, formatted_params)
    ~~~~~~~~~~~~~~^^^^^^^^^^^^^^^^^^^^^^^^^
  File "C:\Users\hp\AppData\Roaming\Python\Python314\site-packages\mysql\connector\cursor.py", line 416, in execute
    self._connection.cmd_query(
    ~~~~~~~~~~~~~~~~~~~~~~~~~~^
        self._stmt_partition["mappable_stmt"],
        ^^^^^^^^^^^^^^^^^^^^^^^^^^^^^^^^^^^^^^
        read_timeout=self._read_timeout,
        ^^^^^^^^^^^^^^^^^^^^^^^^^^^^^^^^
        write_timeout=self._write_timeout,
        ^^^^^^^^^^^^^^^^^^^^^^^^^^^^^^^^^^
    )
    ^
  File "C:\Users\hp\AppData\Roaming\Python\Python314\site-packages\mysql\connector\opentelemetry\context_propagation.py", line 97, in wrapper
    return method(cnx, *args, **kwargs)
  File "C:\Users\hp\AppData\Roaming\Python\Python314\site-packages\mysql\connector\_decorating.py", line 89, in handle_cnx_method
    raise err
  File "C:\Users\hp\AppData\Roaming\Python\Python314\site-packages\mysql\connector\_decorating.py", line 85, in handle_cnx_method
    return cnx_method(cnx, *args, **kwargs)
  File "C:\Users\hp\AppData\Roaming\Python\Python314\site-packages\mysql\connector\connection.py", line 984, in cmd_query
    result = self._handle_result(
        self._send_cmd(
    ...<6 lines>...
        write_timeout,
    )
  File "C:\Users\hp\AppData\Roaming\Python\Python314\site-packages\mysql\connector\_decorating.py", line 89, in handle_cnx_method
    raise err
  File "C:\Users\hp\AppData\Roaming\Python\Python314\site-packages\mysql\connector\_decorating.py", line 85, in handle_cnx_method
    return cnx_method(cnx, *args, **kwargs)
  File "C:\Users\hp\AppData\Roaming\Python\Python314\site-packages\mysql\connector\connection.py", line 745, in _handle_result
    raise get_exception(packet)
mysql.connector.errors.ProgrammingError: 1064 (42000): You have an error in your SQL syntax; check the manual that corresponds to your MySQL server version for the right syntax to use near '%s, p.payment_date) AND COALESCE(%s, p.payment_date)
                AND
       ' at line 10
2026-08-18 06:15:33,852 - INFO - Environment variables and system configurations loaded successfully.
2026-08-18 06:15:34,232 - INFO - Database connection established successfully.
2026-08-18 06:16:27,277 - INFO - Environment variables and system configurations loaded successfully.
2026-08-18 06:16:27,705 - INFO - Database connection established successfully.
2026-08-18 06:17:15,835 - INFO - Environment variables and system configurations loaded successfully.
2026-08-18 06:17:16,093 - INFO - Database connection established successfully.
